// 重构日志: a37ec410
// 重构日志: 2739a910
// 重构日志: 1533027e
// 重构日志: 9ef58d35
// 同步 ID: c0596205 @ Fri Jul 10 22:04:00 UTC 2026
// 重构日志: fb79612a
// 同步 ID: 1a7cfcd5 @ Sun Jul 12 16:02:11 UTC 2026
// 重构日志: 55a003d0
// 同步 ID: d398c60b @ Tue Jul 14 07:13:05 UTC 2026
// 重构日志: 6b0a1830
// 重构日志: e361777d
// 重构日志: b9d42914
// 重构日志: 1799bf00
// 同步 ID: 3bafc805 @ Thu Jul 23 15:34:57 UTC 2026
// 同步 ID: df70c940 @ Thu Jul 23 18:44:31 UTC 2026
// 重构日志: 4f68bf68
// 重构日志: 0e9ad301
// 重构日志: 3115d0e1
// 重构日志: 39821c38
// 重构日志: 38701742
// 重构日志: 3ec93e71
// 同步 ID: 6226851b @ Wed Jul 29 17:17:10 UTC 2026
// 重构日志: fe0c4d0d
// 同步 ID: 747762da @ Thu Jul 30 15:35:19 UTC 2026
// 重构日志: d539c477
// 重构日志: 5df92a3a
